2025-07-20 22:26:20,530 - INFO - __init__.py:88 - First time Hailo Dataflow Compiler is being used. Checking system requirements... (this might take a few seconds)
2025-07-20 22:26:22,723 - INFO - main.py:34 - Current Time: 22:26:22, 07/20/25
2025-07-20 22:26:23,730 - INFO - main.py:46 - CPU: Architecture: x86_64, Model: Intel(R) N100, Number Of Cores: 4, Utilization: 10.9%
2025-07-20 22:26:23,732 - INFO - main.py:50 - Memory: Total: 11GB, Available: 7GB
2025-07-20 22:26:23,732 - INFO - main.py:54 - System info: OS: Linux, Kernel: 6.5.0-44-generic
2025-07-20 22:26:23,735 - INFO - main.py:55 - Hailo DFC Version: 3.32.0
2025-07-20 22:26:23,742 - INFO - main.py:60 - HailoRT Version: 4.22.0
2025-07-20 22:26:23,769 - INFO - main.py:101 - PCIe: 0000:03:00.0: Number Of Lanes: 4, Speed: 8.0 GT/s PCIe
2025-07-20 22:26:23,769 - INFO - main.py:109 - Running `hailo profiler imagenet.hef`
2025-07-20 22:26:51,171 - INFO - main.py:34 - Current Time: 22:26:51, 07/20/25
2025-07-20 22:26:52,177 - INFO - main.py:46 - CPU: Architecture: x86_64, Model: Intel(R) N100, Number Of Cores: 4, Utilization: 6.0%
2025-07-20 22:26:52,179 - INFO - main.py:50 - Memory: Total: 11GB, Available: 7GB
2025-07-20 22:26:52,180 - INFO - main.py:54 - System info: OS: Linux, Kernel: 6.5.0-44-generic
2025-07-20 22:26:52,182 - INFO - main.py:55 - Hailo DFC Version: 3.32.0
2025-07-20 22:26:52,182 - INFO - main.py:60 - HailoRT Version: 4.22.0
2025-07-20 22:26:52,197 - INFO - main.py:101 - PCIe: 0000:03:00.0: Number Of Lanes: 4, Speed: 8.0 GT/s PCIe
2025-07-20 22:26:52,198 - INFO - main.py:109 - Running `hailo profiler imagenet_compiled.har`
2025-07-20 22:26:57,810 - INFO - client_runner.py:1474 - Running profile for imagenet in state compiled_model
2025-07-20 22:26:58,527 - INFO - estimator.py:1902 - 
Model Details
--------------------------------  ----------
Input Tensors Shapes              224x224x3
Operations per Input Tensor       0.43 GOPs
Operations per Input Tensor       0.22 GMACs
Pure Operations per Input Tensor  0.43 GOPs
Pure Operations per Input Tensor  0.22 GMACs
Model Parameters                  4.19 M
--------------------------------  ----------

Profiler Input Settings
-----------------  -----------------
Optimization Goal  Reach Highest FPS
Profiler Mode      Compiled
-----------------  -----------------

Performance Summary
----------------------  --------------------
Number of Devices       1
Number of Contexts      1
Throughput              1004.00 FPS
Latency                 8.85 ms
Operations per Second   432.95 GOP/s
MACs per Second         220.89 GMAC/s
Total Input Bandwidth   144.13 Megabytes/sec
Total Output Bandwidth  1.96 Kilobytes/sec
Context Switch Configs  N/A
----------------------  --------------------
2025-07-20 22:26:59,015 - INFO - profiler.py:71 - Saved Profiler HTML Report to: /home/misakamoe/바탕화면/Ubuntu work/mobilenet/imagenet_compiled_model.html
2025-07-20 22:39:52,871 - INFO - main.py:34 - Current Time: 22:39:52, 07/20/25
2025-07-20 22:39:53,877 - INFO - main.py:46 - CPU: Architecture: x86_64, Model: Intel(R) N100, Number Of Cores: 4, Utilization: 2.3%
2025-07-20 22:39:53,878 - INFO - main.py:50 - Memory: Total: 11GB, Available: 7GB
2025-07-20 22:39:53,879 - INFO - main.py:54 - System info: OS: Linux, Kernel: 6.5.0-44-generic
2025-07-20 22:39:53,880 - INFO - main.py:55 - Hailo DFC Version: 3.32.0
2025-07-20 22:39:53,881 - INFO - main.py:60 - HailoRT Version: 4.22.0
2025-07-20 22:39:53,904 - INFO - main.py:101 - PCIe: 0000:03:00.0: Number Of Lanes: 4, Speed: 8.0 GT/s PCIe
2025-07-20 22:39:53,904 - INFO - main.py:109 - Running `hailo parser onnx --help`
2025-07-21 03:27:00,768 - INFO - main.py:34 - Current Time: 03:27:00, 07/21/25
2025-07-21 03:27:01,780 - INFO - main.py:46 - CPU: Architecture: x86_64, Model: Intel(R) N100, Number Of Cores: 4, Utilization: 4.7%
2025-07-21 03:27:01,781 - INFO - main.py:50 - Memory: Total: 11GB, Available: 2GB
2025-07-21 03:27:01,782 - INFO - main.py:54 - System info: OS: Linux, Kernel: 6.5.0-44-generic
2025-07-21 03:27:01,784 - INFO - main.py:55 - Hailo DFC Version: 3.32.0
2025-07-21 03:27:01,785 - INFO - main.py:60 - HailoRT Version: 4.22.0
2025-07-21 03:27:01,806 - INFO - main.py:101 - PCIe: 0000:03:00.0: Number Of Lanes: 4, Speed: 8.0 GT/s PCIe
2025-07-21 03:27:01,806 - INFO - main.py:109 - Running `hailo tutorial`
2025-07-21 03:49:14,523 - INFO - main.py:34 - Current Time: 03:49:14, 07/21/25
2025-07-21 03:49:15,531 - INFO - main.py:46 - CPU: Architecture: x86_64, Model: Intel(R) N100, Number Of Cores: 4, Utilization: 3.7%
2025-07-21 03:49:15,532 - INFO - main.py:50 - Memory: Total: 11GB, Available: 1GB
2025-07-21 03:49:15,533 - INFO - main.py:54 - System info: OS: Linux, Kernel: 6.5.0-44-generic
2025-07-21 03:49:15,535 - INFO - main.py:55 - Hailo DFC Version: 3.32.0
2025-07-21 03:49:15,539 - INFO - main.py:60 - HailoRT Version: 4.22.0
2025-07-21 03:49:15,569 - INFO - main.py:101 - PCIe: 0000:03:00.0: Number Of Lanes: 4, Speed: 8.0 GT/s PCIe
2025-07-21 03:49:15,569 - INFO - main.py:109 - Running `hailo profiler mobilenet_compiled_model.har`
2025-07-21 03:49:21,162 - INFO - client_runner.py:1474 - Running profile for mobilenet in state compiled_model
2025-07-21 03:49:21,865 - INFO - estimator.py:1902 - 
Model Details
--------------------------------  ----------
Input Tensors Shapes              224x224x3
Operations per Input Tensor       0.43 GOPs
Operations per Input Tensor       0.22 GMACs
Pure Operations per Input Tensor  0.43 GOPs
Pure Operations per Input Tensor  0.22 GMACs
Model Parameters                  4.19 M
--------------------------------  ----------

Profiler Input Settings
-----------------  -----------------
Optimization Goal  Reach Highest FPS
Profiler Mode      Compiled
-----------------  -----------------

Performance Summary
----------------------  --------------------
Number of Devices       1
Number of Contexts      1
Throughput              1004.00 FPS
Latency                 8.85 ms
Operations per Second   433.25 GOP/s
MACs per Second         221.04 GMAC/s
Total Input Bandwidth   144.13 Megabytes/sec
Total Output Bandwidth  1.96 Kilobytes/sec
Context Switch Configs  N/A
----------------------  --------------------
2025-07-21 03:49:23,527 - INFO - profiler.py:71 - Saved Profiler HTML Report to: /home/misakamoe/바탕화면/Ubuntu work/mobilenet/mobilenet_compiled_model.html
2025-07-21 03:49:38,856 - INFO - main.py:34 - Current Time: 03:49:38, 07/21/25
2025-07-21 03:49:39,862 - INFO - main.py:46 - CPU: Architecture: x86_64, Model: Intel(R) N100, Number Of Cores: 4, Utilization: 13.4%
2025-07-21 03:49:39,864 - INFO - main.py:50 - Memory: Total: 11GB, Available: 1GB
2025-07-21 03:49:39,864 - INFO - main.py:54 - System info: OS: Linux, Kernel: 6.5.0-44-generic
2025-07-21 03:49:39,866 - INFO - main.py:55 - Hailo DFC Version: 3.32.0
2025-07-21 03:49:39,868 - INFO - main.py:60 - HailoRT Version: 4.22.0
2025-07-21 03:49:39,888 - INFO - main.py:101 - PCIe: 0000:03:00.0: Number Of Lanes: 4, Speed: 8.0 GT/s PCIe
2025-07-21 03:49:39,888 - INFO - main.py:109 - Running `hailo parse-hef mobilenet.hef`
